

[2025-11-21 15:11:19] Error in notify_green_agent:
Endpoint: http://localhost:8336
Error: HTTP Error 503: Network communication error: peer closed connection without sending complete message body (incomplete chunked read)
Traceback:
Traceback (most recent call last):
  File "/Users/madanat/miniforge3/lib/python3.12/site-packages/httpx/_transports/default.py", line 101, in map_httpcore_exceptions
    yield
  File "/Users/madanat/miniforge3/lib/python3.12/site-packages/httpx/_transports/default.py", line 271, in __aiter__
    async for part in self._httpcore_stream:
  File "/Users/madanat/miniforge3/lib/python3.12/site-packages/httpcore/_async/connection_pool.py", line 407, in __aiter__
    raise exc from None
  File "/Users/madanat/miniforge3/lib/python3.12/site-packages/httpcore/_async/connection_pool.py", line 403, in __aiter__
    async for part in self._stream:
  File "/Users/madanat/miniforge3/lib/python3.12/site-packages/httpcore/_async/http11.py", line 342, in __aiter__
    raise exc
  File "/Users/madanat/miniforge3/lib/python3.12/site-packages/httpcore/_async/http11.py", line 334, in __aiter__
    async for chunk in self._connection._receive_response_body(**kwargs):
  File "/Users/madanat/miniforge3/lib/python3.12/site-packages/httpcore/_async/http11.py", line 203, in _receive_response_body
    event = await self._receive_event(timeout=timeout)
            ^^^^^^^^^^^^^^^^^^^^^^^^^^^^^^^^^^^^^^^^^^
  File "/Users/madanat/miniforge3/lib/python3.12/site-packages/httpcore/_async/http11.py", line 213, in _receive_event
    with map_exceptions({h11.RemoteProtocolError: RemoteProtocolError}):
         ^^^^^^^^^^^^^^^^^^^^^^^^^^^^^^^^^^^^^^^^^^^^^^^^^^^^^^^^^^^^^^
  File "/Users/madanat/miniforge3/lib/python3.12/contextlib.py", line 158, in __exit__
    self.gen.throw(value)
  File "/Users/madanat/miniforge3/lib/python3.12/site-packages/httpcore/_exceptions.py", line 14, in map_exceptions
    raise to_exc(exc) from exc
httpcore.RemoteProtocolError: peer closed connection without sending complete message body (incomplete chunked read)

The above exception was the direct cause of the following exception:

Traceback (most recent call last):
  File "/Users/madanat/miniforge3/lib/python3.12/site-packages/a2a/client/transports/jsonrpc.py", line 165, in send_message_streaming
    async for sse in event_source.aiter_sse():
  File "/Users/madanat/miniforge3/lib/python3.12/site-packages/httpx_sse/_api.py", line 42, in aiter_sse
    async for line in lines:
  File "/Users/madanat/miniforge3/lib/python3.12/site-packages/httpx_sse/_api.py", line 80, in _aiter_sse_lines
    async for text in response.aiter_text():
  File "/Users/madanat/miniforge3/lib/python3.12/site-packages/httpx/_models.py", line 1018, in aiter_text
    async for byte_content in self.aiter_bytes():
  File "/Users/madanat/miniforge3/lib/python3.12/site-packages/httpx/_models.py", line 997, in aiter_bytes
    async for raw_bytes in self.aiter_raw():
  File "/Users/madanat/miniforge3/lib/python3.12/site-packages/httpx/_models.py", line 1055, in aiter_raw
    async for raw_stream_bytes in self.stream:
  File "/Users/madanat/miniforge3/lib/python3.12/site-packages/httpx/_client.py", line 176, in __aiter__
    async for chunk in self._stream:
  File "/Users/madanat/miniforge3/lib/python3.12/site-packages/httpx/_transports/default.py", line 270, in __aiter__
    with map_httpcore_exceptions():
         ^^^^^^^^^^^^^^^^^^^^^^^^^
  File "/Users/madanat/miniforge3/lib/python3.12/contextlib.py", line 158, in __exit__
    self.gen.throw(value)
  File "/Users/madanat/miniforge3/lib/python3.12/site-packages/httpx/_transports/default.py", line 118, in map_httpcore_exceptions
    raise mapped_exc(message) from exc
httpx.RemoteProtocolError: peer closed connection without sending complete message body (incomplete chunked read)

The above exception was the direct cause of the following exception:

Traceback (most recent call last):
  File "/Users/madanat/Documents/alfworld-greenagent/agentbeats/src/backend/a2a_client.py", line 176, in notify_green_agent
    raise send_error
  File "/Users/madanat/Documents/alfworld-greenagent/agentbeats/src/backend/a2a_client.py", line 170, in notify_green_agent
    response = await send_message_to_agent(endpoint_clean, json.dumps(battle_info))
               ^^^^^^^^^^^^^^^^^^^^^^^^^^^^^^^^^^^^^^^^^^^^^^^^^^^^^^^^^^^^^^^^^^^^
  File "/Users/madanat/Documents/alfworld-greenagent/agentbeats/src/agentbeats/utils/agents/a2a.py", line 109, in send_message_to_agent
    async for chunk in client.send_message_streaming(req):
  File "/Users/madanat/miniforge3/lib/python3.12/site-packages/a2a/client/legacy.py", line 125, in send_message_streaming
    async for result in self._transport.send_message_streaming(
  File "/Users/madanat/miniforge3/lib/python3.12/site-packages/a2a/client/transports/jsonrpc.py", line 179, in send_message_streaming
    raise A2AClientHTTPError(
a2a.client.errors.A2AClientHTTPError: HTTP Error 503: Network communication error: peer closed connection without sending complete message body (incomplete chunked read)

